------------------------------------------------------------
Timing Analyzer Summary
------------------------------------------------------------

Type  : Slow 1100mV 85C Model Setup 'pll_i|pll_inst|altera_pll_i|general[0].gpll~PLL_OUTPUT_COUNTER|divclk'
Slack : -5.427
TNS   : -20.691

Type  : Slow 1100mV 85C Model Setup 'DRAM_CLK'
Slack : -1.772
TNS   : -16.645

Type  : Slow 1100mV 85C Model Hold 'pll_i|pll_inst|altera_pll_i|general[0].gpll~PLL_OUTPUT_COUNTER|divclk'
Slack : 0.328
TNS   : 0.000

Type  : Slow 1100mV 85C Model Hold 'DRAM_CLK'
Slack : 0.855
TNS   : 0.000

Type  : Slow 1100mV 85C Model Recovery 'pll_i|pll_inst|altera_pll_i|general[0].gpll~PLL_OUTPUT_COUNTER|divclk'
Slack : 0.369
TNS   : 0.000

Type  : Slow 1100mV 85C Model Removal 'pll_i|pll_inst|altera_pll_i|general[0].gpll~PLL_OUTPUT_COUNTER|divclk'
Slack : 0.552
TNS   : 0.000

Type  : Slow 1100mV 85C Model Minimum Pulse Width 'pll_i|pll_inst|altera_pll_i|general[0].gpll~FRACTIONAL_PLL|vcoph[0]'
Slack : 0.699
TNS   : 0.000

Type  : Slow 1100mV 85C Model Minimum Pulse Width 'pll_i|pll_inst|altera_pll_i|general[0].gpll~PLL_OUTPUT_COUNTER|divclk'
Slack : 2.692
TNS   : 0.000

Type  : Slow 1100mV 85C Model Minimum Pulse Width 'CLOCK_50'
Slack : 9.900
TNS   : 0.000

Type  : Slow 1100mV 0C Model Setup 'pll_i|pll_inst|altera_pll_i|general[0].gpll~PLL_OUTPUT_COUNTER|divclk'
Slack : -5.278
TNS   : -20.071

Type  : Slow 1100mV 0C Model Setup 'DRAM_CLK'
Slack : -1.674
TNS   : -15.335

Type  : Slow 1100mV 0C Model Hold 'pll_i|pll_inst|altera_pll_i|general[0].gpll~PLL_OUTPUT_COUNTER|divclk'
Slack : 0.244
TNS   : 0.000

Type  : Slow 1100mV 0C Model Hold 'DRAM_CLK'
Slack : 0.914
TNS   : 0.000

Type  : Slow 1100mV 0C Model Recovery 'pll_i|pll_inst|altera_pll_i|general[0].gpll~PLL_OUTPUT_COUNTER|divclk'
Slack : 0.465
TNS   : 0.000

Type  : Slow 1100mV 0C Model Removal 'pll_i|pll_inst|altera_pll_i|general[0].gpll~PLL_OUTPUT_COUNTER|divclk'
Slack : 0.484
TNS   : 0.000

Type  : Slow 1100mV 0C Model Minimum Pulse Width 'pll_i|pll_inst|altera_pll_i|general[0].gpll~FRACTIONAL_PLL|vcoph[0]'
Slack : 0.699
TNS   : 0.000

Type  : Slow 1100mV 0C Model Minimum Pulse Width 'pll_i|pll_inst|altera_pll_i|general[0].gpll~PLL_OUTPUT_COUNTER|divclk'
Slack : 2.658
TNS   : 0.000

Type  : Slow 1100mV 0C Model Minimum Pulse Width 'CLOCK_50'
Slack : 9.926
TNS   : 0.000

Type  : Fast 1100mV 85C Model Setup 'pll_i|pll_inst|altera_pll_i|general[0].gpll~PLL_OUTPUT_COUNTER|divclk'
Slack : -3.276
TNS   : -12.524

Type  : Fast 1100mV 85C Model Setup 'DRAM_CLK'
Slack : -0.368
TNS   : -2.069

Type  : Fast 1100mV 85C Model Hold 'pll_i|pll_inst|altera_pll_i|general[0].gpll~PLL_OUTPUT_COUNTER|divclk'
Slack : 0.181
TNS   : 0.000

Type  : Fast 1100mV 85C Model Hold 'DRAM_CLK'
Slack : 1.524
TNS   : 0.000

Type  : Fast 1100mV 85C Model Recovery 'pll_i|pll_inst|altera_pll_i|general[0].gpll~PLL_OUTPUT_COUNTER|divclk'
Slack : 1.542
TNS   : 0.000

Type  : Fast 1100mV 85C Model Removal 'pll_i|pll_inst|altera_pll_i|general[0].gpll~PLL_OUTPUT_COUNTER|divclk'
Slack : 0.378
TNS   : 0.000

Type  : Fast 1100mV 85C Model Minimum Pulse Width 'pll_i|pll_inst|altera_pll_i|general[0].gpll~FRACTIONAL_PLL|vcoph[0]'
Slack : 0.699
TNS   : 0.000

Type  : Fast 1100mV 85C Model Minimum Pulse Width 'pll_i|pll_inst|altera_pll_i|general[0].gpll~PLL_OUTPUT_COUNTER|divclk'
Slack : 3.031
TNS   : 0.000

Type  : Fast 1100mV 85C Model Minimum Pulse Width 'CLOCK_50'
Slack : 9.643
TNS   : 0.000

Type  : Fast 1100mV 0C Model Setup 'pll_i|pll_inst|altera_pll_i|general[0].gpll~PLL_OUTPUT_COUNTER|divclk'
Slack : -3.124
TNS   : -11.916

Type  : Fast 1100mV 0C Model Setup 'DRAM_CLK'
Slack : -0.247
TNS   : -1.194

Type  : Fast 1100mV 0C Model Hold 'pll_i|pll_inst|altera_pll_i|general[0].gpll~PLL_OUTPUT_COUNTER|divclk'
Slack : 0.146
TNS   : 0.000

Type  : Fast 1100mV 0C Model Hold 'DRAM_CLK'
Slack : 1.538
TNS   : 0.000

Type  : Fast 1100mV 0C Model Recovery 'pll_i|pll_inst|altera_pll_i|general[0].gpll~PLL_OUTPUT_COUNTER|divclk'
Slack : 1.646
TNS   : 0.000

Type  : Fast 1100mV 0C Model Removal 'pll_i|pll_inst|altera_pll_i|general[0].gpll~PLL_OUTPUT_COUNTER|divclk'
Slack : 0.310
TNS   : 0.000

Type  : Fast 1100mV 0C Model Minimum Pulse Width 'pll_i|pll_inst|altera_pll_i|general[0].gpll~FRACTIONAL_PLL|vcoph[0]'
Slack : 0.699
TNS   : 0.000

Type  : Fast 1100mV 0C Model Minimum Pulse Width 'pll_i|pll_inst|altera_pll_i|general[0].gpll~PLL_OUTPUT_COUNTER|divclk'
Slack : 3.018
TNS   : 0.000

Type  : Fast 1100mV 0C Model Minimum Pulse Width 'CLOCK_50'
Slack : 9.632
TNS   : 0.000

------------------------------------------------------------
