------------------------------------------------------------
Timing Analyzer Summary
------------------------------------------------------------

Type  : Slow 1100mV 85C Model Setup 'pll_i|pll_inst|altera_pll_i|general[0].gpll~PLL_OUTPUT_COUNTER|divclk'
Slack : -5.424
TNS   : -20.707

Type  : Slow 1100mV 85C Model Setup 'DRAM_CLK'
Slack : -1.765
TNS   : -15.092

Type  : Slow 1100mV 85C Model Hold 'pll_i|pll_inst|altera_pll_i|general[0].gpll~PLL_OUTPUT_COUNTER|divclk'
Slack : 0.249
TNS   : 0.000

Type  : Slow 1100mV 85C Model Hold 'DRAM_CLK'
Slack : 0.854
TNS   : 0.000

Type  : Slow 1100mV 85C Model Minimum Pulse Width 'pll_i|pll_inst|altera_pll_i|general[0].gpll~FRACTIONAL_PLL|vcoph[0]'
Slack : 0.699
TNS   : 0.000

Type  : Slow 1100mV 85C Model Minimum Pulse Width 'pll_i|pll_inst|altera_pll_i|general[0].gpll~PLL_OUTPUT_COUNTER|divclk'
Slack : 2.692
TNS   : 0.000

Type  : Slow 1100mV 85C Model Minimum Pulse Width 'CLOCK_50'
Slack : 9.900
TNS   : 0.000

Type  : Slow 1100mV 0C Model Setup 'pll_i|pll_inst|altera_pll_i|general[0].gpll~PLL_OUTPUT_COUNTER|divclk'
Slack : -5.275
TNS   : -20.065

Type  : Slow 1100mV 0C Model Setup 'DRAM_CLK'
Slack : -1.668
TNS   : -13.873

Type  : Slow 1100mV 0C Model Hold 'pll_i|pll_inst|altera_pll_i|general[0].gpll~PLL_OUTPUT_COUNTER|divclk'
Slack : 0.165
TNS   : 0.000

Type  : Slow 1100mV 0C Model Hold 'DRAM_CLK'
Slack : 0.913
TNS   : 0.000

Type  : Slow 1100mV 0C Model Minimum Pulse Width 'pll_i|pll_inst|altera_pll_i|general[0].gpll~FRACTIONAL_PLL|vcoph[0]'
Slack : 0.699
TNS   : 0.000

Type  : Slow 1100mV 0C Model Minimum Pulse Width 'pll_i|pll_inst|altera_pll_i|general[0].gpll~PLL_OUTPUT_COUNTER|divclk'
Slack : 2.658
TNS   : 0.000

Type  : Slow 1100mV 0C Model Minimum Pulse Width 'CLOCK_50'
Slack : 9.926
TNS   : 0.000

Type  : Fast 1100mV 85C Model Setup 'pll_i|pll_inst|altera_pll_i|general[0].gpll~PLL_OUTPUT_COUNTER|divclk'
Slack : -3.276
TNS   : -12.525

Type  : Fast 1100mV 85C Model Setup 'DRAM_CLK'
Slack : -0.374
TNS   : -2.132

Type  : Fast 1100mV 85C Model Hold 'pll_i|pll_inst|altera_pll_i|general[0].gpll~PLL_OUTPUT_COUNTER|divclk'
Slack : 0.171
TNS   : 0.000

Type  : Fast 1100mV 85C Model Hold 'DRAM_CLK'
Slack : 1.522
TNS   : 0.000

Type  : Fast 1100mV 85C Model Minimum Pulse Width 'pll_i|pll_inst|altera_pll_i|general[0].gpll~FRACTIONAL_PLL|vcoph[0]'
Slack : 0.699
TNS   : 0.000

Type  : Fast 1100mV 85C Model Minimum Pulse Width 'pll_i|pll_inst|altera_pll_i|general[0].gpll~PLL_OUTPUT_COUNTER|divclk'
Slack : 3.031
TNS   : 0.000

Type  : Fast 1100mV 85C Model Minimum Pulse Width 'CLOCK_50'
Slack : 9.643
TNS   : 0.000

Type  : Fast 1100mV 0C Model Setup 'pll_i|pll_inst|altera_pll_i|general[0].gpll~PLL_OUTPUT_COUNTER|divclk'
Slack : -3.124
TNS   : -11.919

Type  : Fast 1100mV 0C Model Setup 'DRAM_CLK'
Slack : -0.250
TNS   : -1.225

Type  : Fast 1100mV 0C Model Hold 'pll_i|pll_inst|altera_pll_i|general[0].gpll~PLL_OUTPUT_COUNTER|divclk'
Slack : 0.115
TNS   : 0.000

Type  : Fast 1100mV 0C Model Hold 'DRAM_CLK'
Slack : 1.536
TNS   : 0.000

Type  : Fast 1100mV 0C Model Minimum Pulse Width 'pll_i|pll_inst|altera_pll_i|general[0].gpll~FRACTIONAL_PLL|vcoph[0]'
Slack : 0.699
TNS   : 0.000

Type  : Fast 1100mV 0C Model Minimum Pulse Width 'pll_i|pll_inst|altera_pll_i|general[0].gpll~PLL_OUTPUT_COUNTER|divclk'
Slack : 3.018
TNS   : 0.000

Type  : Fast 1100mV 0C Model Minimum Pulse Width 'CLOCK_50'
Slack : 9.632
TNS   : 0.000

------------------------------------------------------------
