------------------------------------------------------------
Timing Analyzer Summary
------------------------------------------------------------

Type  : Slow 1100mV 85C Model Setup 'clk|pll_inst|altera_pll_i|general[0].gpll~PLL_OUTPUT_COUNTER|divclk'
Slack : 36.935
TNS   : 0.000

Type  : Slow 1100mV 85C Model Hold 'clk|pll_inst|altera_pll_i|general[0].gpll~PLL_OUTPUT_COUNTER|divclk'
Slack : 0.348
TNS   : 0.000

Type  : Slow 1100mV 85C Model Minimum Pulse Width 'clk|pll_inst|altera_pll_i|general[0].gpll~FRACTIONAL_PLL|vcoph[0]'
Slack : 1.527
TNS   : 0.000

Type  : Slow 1100mV 85C Model Minimum Pulse Width 'CLOCK_50'
Slack : 4.900
TNS   : 0.000

Type  : Slow 1100mV 85C Model Minimum Pulse Width 'clk|pll_inst|altera_pll_i|general[0].gpll~PLL_OUTPUT_COUNTER|divclk'
Slack : 19.140
TNS   : 0.000

Type  : Slow 1100mV 0C Model Setup 'clk|pll_inst|altera_pll_i|general[0].gpll~PLL_OUTPUT_COUNTER|divclk'
Slack : 36.981
TNS   : 0.000

Type  : Slow 1100mV 0C Model Hold 'clk|pll_inst|altera_pll_i|general[0].gpll~PLL_OUTPUT_COUNTER|divclk'
Slack : 0.329
TNS   : 0.000

Type  : Slow 1100mV 0C Model Minimum Pulse Width 'clk|pll_inst|altera_pll_i|general[0].gpll~FRACTIONAL_PLL|vcoph[0]'
Slack : 1.527
TNS   : 0.000

Type  : Slow 1100mV 0C Model Minimum Pulse Width 'CLOCK_50'
Slack : 4.926
TNS   : 0.000

Type  : Slow 1100mV 0C Model Minimum Pulse Width 'clk|pll_inst|altera_pll_i|general[0].gpll~PLL_OUTPUT_COUNTER|divclk'
Slack : 19.093
TNS   : 0.000

Type  : Fast 1100mV 85C Model Setup 'clk|pll_inst|altera_pll_i|general[0].gpll~PLL_OUTPUT_COUNTER|divclk'
Slack : 38.259
TNS   : 0.000

Type  : Fast 1100mV 85C Model Hold 'clk|pll_inst|altera_pll_i|general[0].gpll~PLL_OUTPUT_COUNTER|divclk'
Slack : 0.202
TNS   : 0.000

Type  : Fast 1100mV 85C Model Minimum Pulse Width 'clk|pll_inst|altera_pll_i|general[0].gpll~FRACTIONAL_PLL|vcoph[0]'
Slack : 1.527
TNS   : 0.000

Type  : Fast 1100mV 85C Model Minimum Pulse Width 'CLOCK_50'
Slack : 4.643
TNS   : 0.000

Type  : Fast 1100mV 85C Model Minimum Pulse Width 'clk|pll_inst|altera_pll_i|general[0].gpll~PLL_OUTPUT_COUNTER|divclk'
Slack : 19.402
TNS   : 0.000

Type  : Fast 1100mV 0C Model Setup 'clk|pll_inst|altera_pll_i|general[0].gpll~PLL_OUTPUT_COUNTER|divclk'
Slack : 38.373
TNS   : 0.000

Type  : Fast 1100mV 0C Model Hold 'clk|pll_inst|altera_pll_i|general[0].gpll~PLL_OUTPUT_COUNTER|divclk'
Slack : 0.184
TNS   : 0.000

Type  : Fast 1100mV 0C Model Minimum Pulse Width 'clk|pll_inst|altera_pll_i|general[0].gpll~FRACTIONAL_PLL|vcoph[0]'
Slack : 1.527
TNS   : 0.000

Type  : Fast 1100mV 0C Model Minimum Pulse Width 'CLOCK_50'
Slack : 4.632
TNS   : 0.000

Type  : Fast 1100mV 0C Model Minimum Pulse Width 'clk|pll_inst|altera_pll_i|general[0].gpll~PLL_OUTPUT_COUNTER|divclk'
Slack : 19.395
TNS   : 0.000

------------------------------------------------------------
